|-----------------------------------------------------------------------------|
|                                                                             |
| |----------|                                                                |
| |12345678.0|                                                                |
| |@........\|                                                                |
| |+|--------|                                                                |
|  #                                                                          |
| |+|-|  |---|                                                                |
| |...|  |...|                                                                |
| |...+##+...|                                                                |
| |---|  |...|                                                                |
|        |---|                                                                |
|                                                                             |
|                                                                             |
|                                                                             |
|                                                                             |
|                                                                             |
|                                                                             |
|                                                                             |
|                                                                             |
|                                                                             |
|                                                                             |
|                                                                             |
|                                                                             |
|-----------------------------------------------------------------------------|
|-----------------------------------------------------------------------------|
|                                                                             |
| |----------|                                                                |
| |........L.|                                                                |
| |@..9D....\|                                                                |
| |+|--------|                                                                |
|  #                                                                          |
| |+|-|  |---|                                                                |
| |...|  |.O.|                                                                |
| |..O+##+...|                                                                |
| |---|  |...|                                                                |
|        |---|                                                                |
|                                                                             |
|                                                                             |
|                                                                             |
|                                                                             |
|                                                                             |
|                                                                             |
|                                                                             |
|                                                                             |
|                                                                             |
|                                                                             |
|                                                                             |
|                                                                             |
|-----------------------------------------------------------------------------|
|-----------------------------------------------------------------------------|
|                                                                             |
| |----------|                                                                |
| |H.E.......|                                                                |
| |....@....\|                                                                |
| |+|--------|                                                                |
|  #                                                                          |
| |+|-|  |---|                                                                |
| |..M|  |W.L|                                                                |
| |O..+##+M..|                                                                |
| |---|  |...|                                                                |
|        |---|                                                                |
|                                                                             |
|                                                                             |
|                                                                             |
|                                                                             |
|                                                                             |
|                                                                             |
|                                                                             |
|                                                                             |
|                                                                             |
|                                                                             |
|                                                                             |
|                                                                             |
|-----------------------------------------------------------------------------|
|-----------------------------------------------------------------------------|
|                                                                             |
| |----------|                                                                |
| |1234567890|                                                                |
| |@........\|                                                                |
| |+|--------|                                                                |
|  #                                                                          |
| |+|-|  |---|                                                                |
| |...|  |...|                                                                |
| |M..+##+...|                                                                |
| |---|  |...|                                                                |
|        |---|                                                                |
|                                                                             |
|                                                                             |
|                                                                             |
|                                                                             |
|                                                                             |
|                                                                             |
|                                                                             |
|                                                                             |
|                                                                             |
|                                                                             |
|                                                                             |
|                                                                             |
|-----------------------------------------------------------------------------|
|-----------------------------------------------------------------------------|
|                                                                             |
| |----------|                                                                |
| |1234567890|                                                                |
| |@........\|                                                                |
| |+|--------|                                                                |
|  #                                                                          |
| |+|-|  |---|                                                                |
| |...|  |M..|                                                                |
| |...+##+...|                                                                |
| |---|  |.D9|                                                                |
|        |---|                                                                |
|                                                                             |
|                                                                             |
|                                                                             |
|                                                                             |
|                                                                             |
|                                                                             |
|                                                                             |
|                                                                             |
|                                                                             |
|                                                                             |
|                                                                             |
|                                                                             |
|-----------------------------------------------------------------------------|
